This is pdfTeX, Version 3.141592653-2.6-1.40.24 (MiKTeX 22.1) (preloaded format=pdflatex 2025.9.14)  3 AUG 2026 18:47
entering extended mode
 restricted \write18 enabled.
 file:line:error style messages enabled.
 %&-line parsing enabled.
**/Users/Tory/Programs/MyWebsite/static/files/resume.tex
(/Users/Tory/Programs/MyWebsite/static/files/resume.tex
LaTeX2e <2025-06-01> patch level 1
L3 programming layer <2025-08-13>

(/Users/Tory/Library/Application Support/MiKTeX/texmfs/install/tex/latex/base/a
rticle.cls
Document Class: article 2025/01/22 v1.4n Standard LaTeX document class

(/Users/Tory/Library/Application Support/MiKTeX/texmfs/install/tex/latex/base/s
ize11.clo
File: size11.clo 2025/01/22 v1.4n Standard LaTeX file (size option)
)
\c@part=\count275
\c@section=\count276
\c@subsection=\count277
\c@subsubsection=\count278
\c@paragraph=\count279
\c@subparagraph=\count280
\c@figure=\count281
\c@table=\count282
\abovecaptionskip=\skip49
\belowcaptionskip=\skip50
\bibindent=\dimen148
)
(/Users/Tory/Library/Application Support/MiKTeX/texmfs/install/tex/latex/base/l
atexsym.sty
Package: latexsym 1998/08/17 v2.2e Standard LaTeX package (lasy symbols)
\symlasy=\mathgroup4
LaTeX Font Info:    Overwriting symbol font `lasy' in version `bold'
(Font)                  U/lasy/m/n --> U/lasy/b/n on input line 52.
)
(/Users/Tory/Library/Application Support/MiKTeX/texmfs/install/tex/latex/prepri
nt/fullpage.sty
Package: fullpage 1999/02/23 1.1 (PWD)
\FP@margin=\skip51
)
(/Users/Tory/Library/Application Support/MiKTeX/texmfs/install/tex/latex/titles
ec/titlesec.sty
Package: titlesec 2025/01/04 v2.17 Sectioning titles
\ttl@box=\box53
\beforetitleunit=\skip52
\aftertitleunit=\skip53
\ttl@plus=\dimen149
\ttl@minus=\dimen150
\ttl@toksa=\toks17
\titlewidth=\dimen151
\titlewidthlast=\dimen152
\titlewidthfirst=\dimen153
)
(/Users/Tory/Library/Application Support/MiKTeX/texmfs/install/tex/latex/marvos
ym/marvosym.sty
Package: marvosym 2011/07/20 v2.2 Martin Vogel's Symbols font definitions
)
(/Users/Tory/Library/Application Support/MiKTeX/texmfs/install/tex/latex/graphi
cs/color.sty
Package: color 2025/01/14 v1.3e Standard LaTeX Color (DPC)

(/Users/Tory/Library/Application Support/MiKTeX/texmfs/install/tex/latex/graphi
cs-cfg/color.cfg
File: color.cfg 2016/01/02 v1.6 sample color configuration
)
Package color Info: Driver file: pdftex.def on input line 149.

(/Users/Tory/Library/Application Support/MiKTeX/texmfs/install/tex/latex/graphi
cs-def/pdftex.def
File: pdftex.def 2024/04/13 v1.2c Graphics/color driver for pdftex
)
(/Users/Tory/Library/Application Support/MiKTeX/texmfs/install/tex/latex/graphi
cs/dvipsnam.def
File: dvipsnam.def 2016/06/17 v3.0m Driver-dependent file (DPC,SPQR)
)
(/Users/Tory/Library/Application Support/MiKTeX/texmfs/install/tex/latex/graphi
cs/mathcolor.ltx))
(/Users/Tory/Library/Application Support/MiKTeX/texmfs/install/tex/latex/tools/
verbatim.sty
Package: verbatim 2024-01-22 v1.5x LaTeX2e package for verbatim enhancements
\every@verbatim=\toks18
\verbatim@line=\toks19
\verbatim@in@stream=\read2
)
(/Users/Tory/Library/Application Support/MiKTeX/texmfs/install/tex/latex/enumit
em/enumitem.sty
Package: enumitem 2025/02/06 v3.11 Customized lists
\enitkv@toks@=\toks20
\labelindent=\skip54
\enit@outerparindent=\dimen154
\enit@toks=\toks21
\enit@inbox=\box54
\enit@count@id=\count283
\enitdp@description=\count284
)
(/Users/Tory/Library/Application Support/MiKTeX/texmfs/install/tex/latex/hyperr
ef/hyperref.sty
Package: hyperref 2026-06-17 v7.01r Hypertext links for LaTeX

(/Users/Tory/Library/Application Support/MiKTeX/texmfs/install/tex/generic/ifte
x/iftex.sty
Package: iftex 2024/12/12 v1.0g TeX engine tests
)
(/Users/Tory/Library/Application Support/MiKTeX/texmfs/install/tex/latex/graphi
cs/keyval.sty
Package: keyval 2022/05/29 v1.15 key=value parser (DPC)
\KV@toks@=\toks22
)
(/Users/Tory/Library/Application Support/MiKTeX/texmfs/install/tex/latex/kvsetk
eys/kvsetkeys.sty
Package: kvsetkeys 2022-10-05 v1.19 Key value parser (HO)
)
(/Users/Tory/Library/Application Support/MiKTeX/texmfs/install/tex/generic/kvde
finekeys/kvdefinekeys.sty
Package: kvdefinekeys 2019-12-19 v1.6 Define keys (HO)
)
(/Users/Tory/Library/Application Support/MiKTeX/texmfs/install/tex/generic/pdfe
scape/pdfescape.sty
Package: pdfescape 2019/12/09 v1.15 Implements pdfTeX's escape features (HO)

(/Users/Tory/Library/Application Support/MiKTeX/texmfs/install/tex/generic/ltxc
mds/ltxcmds.sty
Package: ltxcmds 2023-12-04 v1.26 LaTeX kernel commands for general use (HO)
)
(/Users/Tory/Library/Application Support/MiKTeX/texmfs/install/tex/generic/pdft
excmds/pdftexcmds.sty
Package: pdftexcmds 2020-06-27 v0.33 Utility functions of pdfTeX for LuaTeX (HO
)

(/Users/Tory/Library/Application Support/MiKTeX/texmfs/install/tex/generic/infw
arerr/infwarerr.sty
Package: infwarerr 2019/12/03 v1.5 Providing info/warning/error messages (HO)
)
Package pdftexcmds Info: \pdf@primitive is available.
Package pdftexcmds Info: \pdf@ifprimitive is available.
Package pdftexcmds Info: \pdfdraftmode found.
))
(/Users/Tory/Library/Application Support/MiKTeX/texmfs/install/tex/latex/hycolo
r/hycolor.sty
Package: hycolor 2020-01-27 v1.10 Color options for hyperref/bookmark (HO)
)
(/Users/Tory/Library/Application Support/MiKTeX/texmfs/install/tex/latex/hyperr
ef/nameref.sty
Package: nameref 2026-01-29 v2.58 Cross-referencing by name of section

(/Users/Tory/Library/Application Support/MiKTeX/texmfs/install/tex/latex/refcou
nt/refcount.sty
Package: refcount 2019/12/15 v3.6 Data extraction from label references (HO)
)
(/Users/Tory/Library/Application Support/MiKTeX/texmfs/install/tex/generic/gett
itlestring/gettitlestring.sty
Package: gettitlestring 2019/12/15 v1.6 Cleanup title references (HO)

(/Users/Tory/Library/Application Support/MiKTeX/texmfs/install/tex/latex/kvopti
ons/kvoptions.sty
Package: kvoptions 2022-06-15 v3.15 Key value format for package options (HO)
))
\c@section@level=\count285
)
(/Users/Tory/Library/Application Support/MiKTeX/texmfs/install/tex/latex/etoolb
ox/etoolbox.sty
Package: etoolbox 2025/10/02 v2.5m e-TeX tools for LaTeX (JAW)
\etb@tempcnta=\count286
)
(/Users/Tory/Library/Application Support/MiKTeX/texmfs/install/tex/generic/stri
ngenc/stringenc.sty
Package: stringenc 2019/11/29 v1.12 Convert strings between diff. encodings (HO
)
)
\@linkdim=\dimen155
\Hy@linkcounter=\count287
\Hy@pagecounter=\count288

(/Users/Tory/Library/Application Support/MiKTeX/texmfs/install/tex/latex/hyperr
ef/pd1enc.def
File: pd1enc.def 2026-06-17 v7.01r Hyperref: PDFDocEncoding definition (HO)
Now handling font encoding PD1 ...
... no UTF-8 mapping file for font encoding PD1
)
(/Users/Tory/Library/Application Support/MiKTeX/texmfs/install/tex/generic/intc
alc/intcalc.sty
Package: intcalc 2019/12/15 v1.3 Expandable calculations with integers (HO)
)
\Hy@SavedSpaceFactor=\count289

(/Users/Tory/Library/Application Support/MiKTeX/texmfs/install/tex/latex/hyperr
ef/puenc.def
File: puenc.def 2026-06-17 v7.01r Hyperref: PDF Unicode definition (HO)
Now handling font encoding PU ...
... no UTF-8 mapping file for font encoding PU
)
Package hyperref Info: Hyper figures OFF on input line 4199.
Package hyperref Info: Link nesting OFF on input line 4204.
Package hyperref Info: Hyper index ON on input line 4207.
Package hyperref Info: Plain pages OFF on input line 4214.
Package hyperref Info: Backreferencing OFF on input line 4219.
Package hyperref Info: Implicit mode ON; LaTeX internals redefined.
Package hyperref Info: Bookmarks ON on input line 4466.
\c@Hy@tempcnt=\count290

(/Users/Tory/Library/Application Support/MiKTeX/texmfs/install/tex/latex/url/ur
l.sty
\Urlmuskip=\muskip17
Package: url 2013/09/16  ver 3.4  Verb mode for urls, etc.
)
LaTeX Info: Redefining \url on input line 4805.
\XeTeXLinkMargin=\dimen156

(/Users/Tory/Library/Application Support/MiKTeX/texmfs/install/tex/generic/bits
et/bitset.sty
Package: bitset 2019/12/09 v1.3 Handle bit-vector datatype (HO)

(/Users/Tory/Library/Application Support/MiKTeX/texmfs/install/tex/generic/bigi
ntcalc/bigintcalc.sty
Package: bigintcalc 2019/12/15 v1.5 Expandable calculations on big integers (HO
)
))
\Fld@menulength=\count291
\Field@Width=\dimen157
\Fld@charsize=\dimen158
Package hyperref Info: Hyper figures OFF on input line 6091.
Package hyperref Info: Link nesting OFF on input line 6096.
Package hyperref Info: Hyper index ON on input line 6099.
Package hyperref Info: backreferencing OFF on input line 6106.
Package hyperref Info: Link coloring OFF on input line 6111.
Package hyperref Info: Link coloring with OCG OFF on input line 6116.
Package hyperref Info: PDF/A mode OFF on input line 6121.
\Hy@abspage=\count292
\c@Item=\count293
\c@Hfootnote=\count294
)
Package hyperref Info: Driver (autodetected): hpdftex.

(/Users/Tory/Library/Application Support/MiKTeX/texmfs/install/tex/latex/hyperr
ef/hpdftex.def
File: hpdftex.def 2026-06-17 v7.01r Hyperref driver for pdfTeX
\Fld@listcount=\count295
\c@bookmark@seq@number=\count296

(/Users/Tory/Library/Application Support/MiKTeX/texmfs/install/tex/latex/rerunf
ilecheck/rerunfilecheck.sty
Package: rerunfilecheck 2025-06-21 v1.11 Rerun checks for auxiliary files (HO)

(/Users/Tory/Library/Application Support/MiKTeX/texmfs/install/tex/generic/uniq
uecounter/uniquecounter.sty
Package: uniquecounter 2019/12/15 v1.4 Provide unlimited unique counter (HO)
)
Package uniquecounter Info: New unique counter `rerunfilecheck' on input line 2
84.
)
\Hy@SectionHShift=\skip55
)
(/Users/Tory/Library/Application Support/MiKTeX/texmfs/install/tex/latex/fancyh
dr/fancyhdr.sty
Package: fancyhdr 2025/02/07 v5.2 Extensive control of page headers and footers

\f@nch@headwidth=\skip56
\f@nch@offset@elh=\skip57
\f@nch@offset@erh=\skip58
\f@nch@offset@olh=\skip59
\f@nch@offset@orh=\skip60
\f@nch@offset@elf=\skip61
\f@nch@offset@erf=\skip62
\f@nch@offset@olf=\skip63
\f@nch@offset@orf=\skip64
\f@nch@height=\skip65
\f@nch@footalignment=\skip66
\f@nch@widthL=\skip67
\f@nch@widthC=\skip68
\f@nch@widthR=\skip69
\@temptokenb=\toks23
)
(/Users/Tory/Library/Application Support/MiKTeX/texmfs/install/tex/generic/babe
l/babel.sty
Package: babel 2025/08/03 v25.12 The multilingual framework for LuaLaTeX, pdfLa
TeX and XeLaTeX
\babel@savecnt=\count297
LaTeX Encoding Info:    Redeclaring text command \ij (encoding OT1) on input li
ne 2045.
LaTeX Encoding Info:    Redeclaring text command \IJ (encoding OT1) on input li
ne 2047.
LaTeX Encoding Info:    Redeclaring text command \ij (encoding T1) on input lin
e 2049.
LaTeX Encoding Info:    Redeclaring text command \IJ (encoding T1) on input lin
e 2050.
LaTeX Encoding Info:    Ignoring declaration for text command \ij (encoding ?) 
on input line 2051.
LaTeX Encoding Info:    Ignoring declaration for text command \IJ (encoding ?) 
on input line 2053.
LaTeX Encoding Info:    Ignoring declaration for text command \SS (encoding ?) 
on input line 2078.
\U@D=\dimen159
\l@unhyphenated=\language1

(/Users/Tory/Library/Application Support/MiKTeX/texmfs/install/tex/generic/babe
l/txtbabel.def)
\bbl@readstream=\read3
\bbl@dirlevel=\count298

*************************************
* Local config file bblopts.cfg used
*

(/Users/Tory/Library/Application Support/MiKTeX/texmfs/install/tex/latex/arabi/
bblopts.cfg
File: bblopts.cfg 2005/09/08 v0.1 add Arabic and Farsi to "declared" options of
 babel
)
(/Users/Tory/Library/Application Support/MiKTeX/texmfs/install/tex/latex/babel-
english/english.ldf
Language: english 2017/06/06 v3.3r English support from the babel system

(/Users/Tory/Library/Application Support/MiKTeX/texmfs/install/tex/generic/babe
l/locale/en/babel-english.tex
Package babel Info: Importing font and identification data for english
(babel)             from babel-en.ini. Reported on input line 12.
)))
(/Users/Tory/Library/Application Support/MiKTeX/texmfs/install/tex/latex/tools/
tabularx.sty
Package: tabularx 2023/12/11 v2.12a `tabularx' package (DPC)

(/Users/Tory/Library/Application Support/MiKTeX/texmfs/install/tex/latex/tools/
array.sty

LaTeX Warning: You have requested release `2026/06/01' of LaTeX,
               but only release `2025-06-01' is available.

Package: array 2026/02/24 v2.7b Tabular extension package (FMi)
\col@sep=\dimen160
\ar@mcellbox=\box55
\extrarowheight=\dimen161
\NC@list=\toks24
\extratabsurround=\skip70
\backup@length=\skip71
\ar@cellbox=\box56
)
\TX@col@width=\dimen162
\TX@old@table=\dimen163
\TX@old@col=\dimen164
\TX@target=\dimen165
\TX@delta=\dimen166
\TX@cols=\count299
\TX@ftn=\toks25
)
(/Users/Tory/Library/Application Support/MiKTeX/texmfs/install/tex/latex/fontaw
esome5/fontawesome5.sty
(/Users/Tory/Library/Application Support/MiKTeX/texmfs/install/tex/latex/l3kern
el/expl3.sty
Package: expl3 2025-08-13 L3 programming layer (loader) 

(/Users/Tory/Library/Application Support/MiKTeX/texmfs/install/tex/latex/l3back
end-dev/l3backend-pdftex.def
File: l3backend-pdftex.def 2025-06-09 L3 backend support: PDF output (pdfTeX)
\l__color_backend_stack_int=\count300
))
Package: fontawesome5 2022/05/02 v5.15.4 Font Awesome 5

(/Users/Tory/Library/Application Support/MiKTeX/texmfs/install/tex/latex/l3pack
ages/l3keys2e/l3keys2e.sty
Package: l3keys2e 2025-10-09 LaTeX2e option processing using LaTeX3 keys
)
(/Users/Tory/Library/Application Support/MiKTeX/texmfs/install/tex/latex/l3pack
ages/xparse/xparse.sty
Package: xparse 2025-10-09 L3 Experimental document command parser
)
(/Users/Tory/Library/Application Support/MiKTeX/texmfs/install/tex/latex/fontaw
esome5/fontawesome5-generic-helper.sty
Package: fontawesome5-generic-helper 2022/05/02 v5.15.4 non-uTeX helper for fon
tawesome5

(/Users/Tory/Library/Application Support/MiKTeX/texmfs/install/tex/latex/fontaw
esome5/fontawesome5-mapping.def)))
(/Users/Tory/Library/Application Support/MiKTeX/texmfs/install/tex/latex/tools/
multicol.sty
Package: multicol 2025/10/21 v2.0b multicolumn formatting (FMi)
\c@tracingmulticols=\count301
\mult@box=\box57
\multicol@leftmargin=\dimen167
\c@unbalance=\count302
\c@collectmore=\count303
\doublecol@number=\count304
\multicoltolerance=\count305
\multicolpretolerance=\count306
\full@width=\dimen168
\page@free=\dimen169
\premulticols=\dimen170
\postmulticols=\dimen171
\multicolsep=\skip72
\multicolbaselineskip=\skip73
\partial@page=\box58
\last@line=\box59
\mc@boxedresult=\box60
\maxbalancingoverflow=\dimen172
\mult@rightbox=\box61
\mult@grightbox=\box62
\mult@firstbox=\box63
\mult@gfirstbox=\box64
\@tempa=\box65
\@tempa=\box66
\@tempa=\box67
\@tempa=\box68
\@tempa=\box69
\@tempa=\box70
\@tempa=\box71
\@tempa=\box72
\@tempa=\box73
\@tempa=\box74
\@tempa=\box75
\@tempa=\box76
\@tempa=\box77
\@tempa=\box78
\@tempa=\box79
\@tempa=\box80
\@tempa=\box81
\@tempa=\box82
\@tempa=\box83
\@tempa=\box84
\@tempa=\box85
\@tempa=\box86
\@tempa=\box87
\@tempa=\box88
\@tempa=\box89
\@tempa=\box90
\@tempa=\box91
\@tempa=\box92
\@tempa=\box93
\@tempa=\box94
\@tempa=\box95
\@tempa=\box96
\@tempa=\box97
\@tempa=\box98
\@tempa=\box99
\@tempa=\box100
\c@minrows=\count307
\c@columnbadness=\count308
\c@finalcolumnbadness=\count309
\last@try=\dimen173
\multicolovershoot=\dimen174
\multicolundershoot=\dimen175
\mult@nat@firstbox=\box101
\colbreak@box=\box102
\mc@col@check@num=\count310
\g__mc_curr_col_int=\count311
)
(/Users/Tory/Library/Application Support/MiKTeX/texmfs/install/tex/generic/pdft
ex/glyphtounicode.tex)
No file resume.aux.
\openout1 = `resume.aux'.

LaTeX Font Info:    Checking defaults for OML/cmm/m/it on input line 79.
LaTeX Font Info:    ... okay on input line 79.
LaTeX Font Info:    Checking defaults for OMS/cmsy/m/n on input line 79.
LaTeX Font Info:    ... okay on input line 79.
LaTeX Font Info:    Checking defaults for OT1/cmr/m/n on input line 79.
LaTeX Font Info:    ... okay on input line 79.
LaTeX Font Info:    Checking defaults for T1/cmr/m/n on input line 79.
LaTeX Font Info:    ... okay on input line 79.
LaTeX Font Info:    Checking defaults for TS1/cmr/m/n on input line 79.
LaTeX Font Info:    ... okay on input line 79.
LaTeX Font Info:    Checking defaults for OMX/cmex/m/n on input line 79.
LaTeX Font Info:    ... okay on input line 79.
LaTeX Font Info:    Checking defaults for U/cmr/m/n on input line 79.
LaTeX Font Info:    ... okay on input line 79.
LaTeX Font Info:    Checking defaults for PD1/pdf/m/n on input line 79.
LaTeX Font Info:    ... okay on input line 79.
LaTeX Font Info:    Checking defaults for PU/pdf/m/n on input line 79.
LaTeX Font Info:    ... okay on input line 79.

(/Users/Tory/Library/Application Support/MiKTeX/texmfs/install/tex/context/base
/mkii/supp-pdf.mkii
[Loading MPS to PDF converter (version 2006.09.02).]
\scratchcounter=\count312
\scratchdimen=\dimen176
\scratchbox=\box103
\nofMPsegments=\count313
\nofMParguments=\count314
\everyMPshowfont=\toks26
\MPscratchCnt=\count315
\MPscratchDim=\dimen177
\MPnumerator=\count316
\makeMPintoPDFobject=\count317
\everyMPtoPDFconversion=\toks27
)
Package hyperref Info: Link coloring OFF on input line 79.
\@outlinefile=\write3
\openout3 = `resume.out'.

LaTeX Font Info:    Trying to load font information for U+fontawesomefree1 on i
nput line 85.

(/Users/Tory/Library/Application Support/MiKTeX/texmfs/install/tex/latex/fontaw
esome5/ufontawesomefree1.fd)
LaTeX Font Info:    External font `cmex10' loaded for size
(Font)              <7> on input line 85.
LaTeX Font Info:    External font `cmex10' loaded for size
(Font)              <5> on input line 85.
LaTeX Font Info:    Trying to load font information for U+lasy on input line 85
.

(/Users/Tory/Library/Application Support/MiKTeX/texmfs/install/tex/latex/base/u
lasy.fd
File: ulasy.fd 1998/08/17 v2.2e LaTeX symbol font definitions
)
LaTeX Font Info:    Trying to load font information for U+fontawesomebrands0 on
 input line 87.

(/Users/Tory/Library/Application Support/MiKTeX/texmfs/install/tex/latex/fontaw
esome5/ufontawesomebrands0.fd)
LaTeX Font Info:    Font shape `U/fontawesomebrands0/solid/n' in size <10> not 
available
(Font)              Font shape `U/fontawesomebrands0/regular/n' tried instead o
n input line 87.


LaTeX Font Warning: Font shape `OT1/cmr/bx/sc' undefined
(Font)              using `OT1/cmr/bx/n' instead on input line 93.

/Users/Tory/Programs/MyWebsite/static/files/resume.tex:149: Undefined control s
equence.
\@@array ...else \if #1b\vbox \else \vcenter@text 
                                                  \fi \fi \bgroup \let \@sha...
l.149 ...JavaScript, Linux}}{June 2026 -- Present}
                                                  
The control sequence at the end of the top line
of your error message was never \def'ed. If you have
misspelled it (e.g., `\hobx'), type `I' and the correct
spelling (e.g., `I\hbox'). Otherwise just continue,
and I'll forget about whatever was undefined.

/Users/Tory/Programs/MyWebsite/static/files/resume.tex:149: Missing } inserted.
<inserted text> 
                }
l.149 ...JavaScript, Linux}}{June 2026 -- Present}
                                                  
I've inserted something that you may have forgotten.
(See the <inserted text> above.)
With luck, this will get me unwedged. But if you
really didn't forget anything, try typing `2' now; then
my insertion and my current dilemma will both disappear.

/Users/Tory/Programs/MyWebsite/static/files/resume.tex:149: Missing } inserted.
<inserted text> 
                }
l.149 ...JavaScript, Linux}}{June 2026 -- Present}
                                                  
I've inserted something that you may have forgotten.
(See the <inserted text> above.)
With luck, this will get me unwedged. But if you
really didn't forget anything, try typing `2' now; then
my insertion and my current dilemma will both disappear.

/Users/Tory/Programs/MyWebsite/static/files/resume.tex:149: Missing # inserted 
in alignment preamble.
<to be read again> 
                   &
l.149 ...JavaScript, Linux}}{June 2026 -- Present}
                                                  
There should be exactly one # between &'s, when an
\halign or \valign is being set up. In this case you had
none, so I've put one in; maybe that will work.

/Users/Tory/Programs/MyWebsite/static/files/resume.tex:149: Missing # inserted 
in alignment preamble.
<to be read again> 
                   \cr 
l.149 ...JavaScript, Linux}}{June 2026 -- Present}
                                                  
There should be exactly one # between &'s, when an
\halign or \valign is being set up. In this case you had
none, so I've put one in; maybe that will work.

/Users/Tory/Programs/MyWebsite/static/files/resume.tex:149: Undefined control s
equence.
<template> ...@firstofone {\ignorespaces }\@sharp 
                                                  \textonly@unskip \relax \_...
l.149 ...JavaScript, Linux}}{June 2026 -- Present}
                                                  
The control sequence at the end of the top line
of your error message was never \def'ed. If you have
misspelled it (e.g., `\hobx'), type `I' and the correct
spelling (e.g., `I\hbox'). Otherwise just continue,
and I'll forget about whatever was undefined.

/Users/Tory/Programs/MyWebsite/static/files/resume.tex:149: Undefined control s
equence.
<template> ...@firstofone {\ignorespaces }\@sharp 
                                                  \textonly@unskip \relax \_...
l.149 ...JavaScript, Linux}}{June 2026 -- Present}
                                                  
The control sequence at the end of the top line
of your error message was never \def'ed. If you have
misspelled it (e.g., `\hobx'), type `I' and the correct
spelling (e.g., `I\hbox'). Otherwise just continue,
and I'll forget about whatever was undefined.


/Users/Tory/Programs/MyWebsite/static/files/resume.tex:149: LaTeX Error: Not al
lowed in LR mode.

See the LaTeX manual or LaTeX Companion for explanation.
Type  H <return>  for immediate help.
 ...                                              
                                                  
l.149 ...JavaScript, Linux}}{June 2026 -- Present}
                                                  
You've lost some text.  Try typing  <return>  to proceed.
If that doesn't work, type  X <return>  to quit.

/Users/Tory/Programs/MyWebsite/static/files/resume.tex:149: Missing } inserted.
<inserted text> 
                }
l.149 ...JavaScript, Linux}}{June 2026 -- Present}
                                                  
I've inserted something that you may have forgotten.
(See the <inserted text> above.)
With luck, this will get me unwedged. But if you
really didn't forget anything, try typing `2' now; then
my insertion and my current dilemma will both disappear.

/Users/Tory/Programs/MyWebsite/static/files/resume.tex:149: Missing \cr inserte
d.
<inserted text> 
                \cr 
l.149 ...JavaScript, Linux}}{June 2026 -- Present}
                                                  
I'm guessing that you meant to end an alignment here.

/Users/Tory/Programs/MyWebsite/static/files/resume.tex:149: Misplaced \crcr.
\tbl_crcr:n ...l_count_missing_cells:n {#1}}\crcr 
                                                  
l.149 ...JavaScript, Linux}}{June 2026 -- Present}
                                                  
I can't figure out why you would want to use a tab mark
or \cr or \span just now. If something like a right brace
up above has ended a previous alignment prematurely,
you're probably due for more error messages, and you
might try typing `S' now just to see what is salvageable.

/Users/Tory/Programs/MyWebsite/static/files/resume.tex:149: Extra }, or forgott
en \endgroup.
\endarray ...le:n {math/luamml/array/save}\egroup 
                                                  \tag_socket_use:n {tbl/fin...
l.149 ...JavaScript, Linux}}{June 2026 -- Present}
                                                  
I've deleted a group-closing symbol because it seems to be
spurious, as in `$x}$'. But perhaps the } is legitimate and
you forgot something else, as in `\hbox{$x}'. In such cases
the way to recover is to insert both the forgotten and the
deleted material, e.g., by typing `I$}'.

/Users/Tory/Programs/MyWebsite/static/files/resume.tex:149: Extra }, or forgott
en \endgroup.
\endarray ...tbl_restore_outer_cell_data: \egroup 
                                                  \tag_socket_use:n {math/lu...
l.149 ...JavaScript, Linux}}{June 2026 -- Present}
                                                  
I've deleted a group-closing symbol because it seems to be
spurious, as in `$x}$'. But perhaps the } is legitimate and
you forgot something else, as in `\hbox{$x}'. In such cases
the way to recover is to insert both the forgotten and the
deleted material, e.g., by typing `I$}'.

/Users/Tory/Programs/MyWebsite/static/files/resume.tex:149: Extra }, or forgott
en \endgroup.
\endtabular* ->\endarray \egroup 
                                 \UseTaggingSocket {tbl/hmode/end}
l.149 ...JavaScript, Linux}}{June 2026 -- Present}
                                                  
I've deleted a group-closing symbol because it seems to be
spurious, as in `$x}$'. But perhaps the } is legitimate and
you forgot something else, as in `\hbox{$x}'. In such cases
the way to recover is to insert both the forgotten and the
deleted material, e.g., by typing `I$}'.

/Users/Tory/Programs/MyWebsite/static/files/resume.tex:158: Undefined control s
equence.
\@@array ...else \if #1b\vbox \else \vcenter@text 
                                                  \fi \fi \bgroup \let \@sha...
l.158 ...CSS, UI/UX Design}}{September 2023, 2024}
                                                  
The control sequence at the end of the top line
of your error message was never \def'ed. If you have
misspelled it (e.g., `\hobx'), type `I' and the correct
spelling (e.g., `I\hbox'). Otherwise just continue,
and I'll forget about whatever was undefined.

/Users/Tory/Programs/MyWebsite/static/files/resume.tex:158: Missing } inserted.
<inserted text> 
                }
l.158 ...CSS, UI/UX Design}}{September 2023, 2024}
                                                  
I've inserted something that you may have forgotten.
(See the <inserted text> above.)
With luck, this will get me unwedged. But if you
really didn't forget anything, try typing `2' now; then
my insertion and my current dilemma will both disappear.

/Users/Tory/Programs/MyWebsite/static/files/resume.tex:158: Missing } inserted.
<inserted text> 
                }
l.158 ...CSS, UI/UX Design}}{September 2023, 2024}
                                                  
I've inserted something that you may have forgotten.
(See the <inserted text> above.)
With luck, this will get me unwedged. But if you
really didn't forget anything, try typing `2' now; then
my insertion and my current dilemma will both disappear.

/Users/Tory/Programs/MyWebsite/static/files/resume.tex:158: Missing # inserted 
in alignment preamble.
<to be read again> 
                   &
l.158 ...CSS, UI/UX Design}}{September 2023, 2024}
                                                  
There should be exactly one # between &'s, when an
\halign or \valign is being set up. In this case you had
none, so I've put one in; maybe that will work.

/Users/Tory/Programs/MyWebsite/static/files/resume.tex:158: Missing # inserted 
in alignment preamble.
<to be read again> 
                   \cr 
l.158 ...CSS, UI/UX Design}}{September 2023, 2024}
                                                  
There should be exactly one # between &'s, when an
\halign or \valign is being set up. In this case you had
none, so I've put one in; maybe that will work.

/Users/Tory/Programs/MyWebsite/static/files/resume.tex:158: Undefined control s
equence.
<template> ...@firstofone {\ignorespaces }\@sharp 
                                                  \textonly@unskip \relax \_...
l.158 ...CSS, UI/UX Design}}{September 2023, 2024}
                                                  
The control sequence at the end of the top line
of your error message was never \def'ed. If you have
misspelled it (e.g., `\hobx'), type `I' and the correct
spelling (e.g., `I\hbox'). Otherwise just continue,
and I'll forget about whatever was undefined.

/Users/Tory/Programs/MyWebsite/static/files/resume.tex:158: Undefined control s
equence.
<template> ...@firstofone {\ignorespaces }\@sharp 
                                                  \textonly@unskip \relax \_...
l.158 ...CSS, UI/UX Design}}{September 2023, 2024}
                                                  
The control sequence at the end of the top line
of your error message was never \def'ed. If you have
misspelled it (e.g., `\hobx'), type `I' and the correct
spelling (e.g., `I\hbox'). Otherwise just continue,
and I'll forget about whatever was undefined.


/Users/Tory/Programs/MyWebsite/static/files/resume.tex:158: LaTeX Error: Not al
lowed in LR mode.

See the LaTeX manual or LaTeX Companion for explanation.
Type  H <return>  for immediate help.
 ...                                              
                                                  
l.158 ...CSS, UI/UX Design}}{September 2023, 2024}
                                                  
You've lost some text.  Try typing  <return>  to proceed.
If that doesn't work, type  X <return>  to quit.

/Users/Tory/Programs/MyWebsite/static/files/resume.tex:158: Missing } inserted.
<inserted text> 
                }
l.158 ...CSS, UI/UX Design}}{September 2023, 2024}
                                                  
I've inserted something that you may have forgotten.
(See the <inserted text> above.)
With luck, this will get me unwedged. But if you
really didn't forget anything, try typing `2' now; then
my insertion and my current dilemma will both disappear.

/Users/Tory/Programs/MyWebsite/static/files/resume.tex:158: Missing \cr inserte
d.
<inserted text> 
                \cr 
l.158 ...CSS, UI/UX Design}}{September 2023, 2024}
                                                  
I'm guessing that you meant to end an alignment here.

/Users/Tory/Programs/MyWebsite/static/files/resume.tex:158: Misplaced \crcr.
\tbl_crcr:n ...l_count_missing_cells:n {#1}}\crcr 
                                                  
l.158 ...CSS, UI/UX Design}}{September 2023, 2024}
                                                  
I can't figure out why you would want to use a tab mark
or \cr or \span just now. If something like a right brace
up above has ended a previous alignment prematurely,
you're probably due for more error messages, and you
might try typing `S' now just to see what is salvageable.

/Users/Tory/Programs/MyWebsite/static/files/resume.tex:158: Extra }, or forgott
en \endgroup.
\endarray ...le:n {math/luamml/array/save}\egroup 
                                                  \tag_socket_use:n {tbl/fin...
l.158 ...CSS, UI/UX Design}}{September 2023, 2024}
                                                  
I've deleted a group-closing symbol because it seems to be
spurious, as in `$x}$'. But perhaps the } is legitimate and
you forgot something else, as in `\hbox{$x}'. In such cases
the way to recover is to insert both the forgotten and the
deleted material, e.g., by typing `I$}'.

/Users/Tory/Programs/MyWebsite/static/files/resume.tex:158: Extra }, or forgott
en \endgroup.
\endarray ...tbl_restore_outer_cell_data: \egroup 
                                                  \tag_socket_use:n {math/lu...
l.158 ...CSS, UI/UX Design}}{September 2023, 2024}
                                                  
I've deleted a group-closing symbol because it seems to be
spurious, as in `$x}$'. But perhaps the } is legitimate and
you forgot something else, as in `\hbox{$x}'. In such cases
the way to recover is to insert both the forgotten and the
deleted material, e.g., by typing `I$}'.

/Users/Tory/Programs/MyWebsite/static/files/resume.tex:158: Extra }, or forgott
en \endgroup.
\endtabular* ->\endarray \egroup 
                                 \UseTaggingSocket {tbl/hmode/end}
l.158 ...CSS, UI/UX Design}}{September 2023, 2024}
                                                  
I've deleted a group-closing symbol because it seems to be
spurious, as in `$x}$'. But perhaps the } is legitimate and
you forgot something else, as in `\hbox{$x}'. In such cases
the way to recover is to insert both the forgotten and the
deleted material, e.g., by typing `I$}'.




Package fancyhdr Warning: \footskip is too small (0.0pt): 
(fancyhdr)                Make it at least 4.08003pt, for example:
(fancyhdr)                \setlength{\footskip}{4.08003pt}.

[1

{/Users/Tory/Library/Application Support/MiKTeX/texmfs/data/fonts/map/pdftex/pd
ftex.map}] (/Users/Tory/Programs/MyWebsite/out/resume.aux)
 ***********
LaTeX2e <2025-06-01> patch level 1
L3 programming layer <2025-08-13>
 ***********


LaTeX Font Warning: Some font shapes were not available, defaults substituted.


Package rerunfilecheck Warning: File `resume.out' has changed.
(rerunfilecheck)                Rerun to get outlines right
(rerunfilecheck)                or use package `bookmark'.

Package rerunfilecheck Info: Checksums for `resume.out':
(rerunfilecheck)             Before: <no file>
(rerunfilecheck)             After:  5FB305C58E6635260BAF832E0429FB13;478.
 ) 
Here is how much of TeX's memory you used:
 14189 strings out of 470074
 250509 string characters out of 5480548
 672421 words of memory out of 5000000
 42420 multiletter control sequences out of 15000+600000
 631562 words of font info for 57 fonts, out of 8000000 for 9000
 0 hyphenation exceptions out of 8191
 75i,11n,79p,343b,462s stack positions out of 10000i,1000n,20000p,200000b,200000s
 </Users/Tory/Library/Application Support/MiKTeX/texmfs/data/fonts/pk/ljfour/
jknappen/ec/dpi600/tcrm1000.pk> </Users/Tory/Library/Application Support/MiKTeX
/texmfs/data/fonts/pk/ljfour/jknappen/ec/dpi600/tcrm1095.pk>{/Users/Tory/Librar
y/Application Support/MiKTeX/texmfs/install/fonts/enc/dvips/fontawesome5/fa5bra
nds0.enc}{/Users/Tory/Library/Application Support/MiKTeX/texmfs/install/fonts/e
nc/dvips/fontawesome5/fa5free1.enc}</Users/Tory/Library/Application Support/MiK
TeX/texmfs/install/fonts/type1/public/fontawesome5/FontAwesome5Brands-Regular.p
fb></Users/Tory/Library/Application Support/MiKTeX/texmfs/install/fonts/type1/p
ublic/fontawesome5/FontAwesome5Free-Solid.pfb></Users/Tory/Library/Application 
Support/MiKTeX/texmfs/install/fonts/type1/public/amsfonts/cm/cmbx10.pfb></Users
/Tory/Library/Application Support/MiKTeX/texmfs/install/fonts/type1/public/amsf
onts/cm/cmbx12.pfb></Users/Tory/Library/Application Support/MiKTeX/texmfs/insta
ll/fonts/type1/public/amsfonts/cm/cmcsc10.pfb></Users/Tory/Library/Application 
Support/MiKTeX/texmfs/install/fonts/type1/public/amsfonts/cm/cmr10.pfb></Users/
Tory/Library/Application Support/MiKTeX/texmfs/install/fonts/type1/public/amsfo
nts/cm/cmsy10.pfb></Users/Tory/Library/Application Support/MiKTeX/texmfs/instal
l/fonts/type1/public/amsfonts/cm/cmti10.pfb>
Output written on /Users/Tory/Programs/MyWebsite/out/resume.pdf (1 page, 123577
 bytes).
PDF statistics:
 74 PDF objects out of 1000 (max. 8388607)
 7 named destinations out of 1000 (max. 500000)
 1 words of extra memory for PDF output out of 10000 (max. 10000000)

